{
    "Test use_genomicsdb = false": {
        "content": [
            "all_samples.genotyped.g.vcf.gz",
            "all_samples.genotyped.g.vcf.gz.tbi",
            [
                "versions.yml:md5,6570af09978054a066e5fc42cd3ad310",
                "versions.yml:md5,db37f8929e298f40e4490d8dd2d70e34"
            ]
        ],
        "meta": {
            "nf-test": "0.9.3",
            "nextflow": "25.10.2"
        },
        "timestamp": "2026-01-11T01:59:52.922568748"
    },
    "Test use_genomicsdb = true": {
        "content": [
            "all_samples.genotyped.g.vcf.gz",
            "all_samples.genotyped.g.vcf.gz.tbi",
            [
                "versions.yml:md5,5eb8ea08b39699264730bb0091032ae6",
                "versions.yml:md5,db37f8929e298f40e4490d8dd2d70e34"
            ]
        ],
        "meta": {
            "nf-test": "0.9.3",
            "nextflow": "25.10.2"
        },
        "timestamp": "2026-01-11T02:00:52.375866369"
    }
}