{
    "Test use_genomicsdb = false": {
        "content": [
            "9b7d476515e07e5486633c42abd86cc",
            "all_samples.genotyped.g.vcf.gz.tbi",
            [
                "versions.yml:md5,6570af09978054a066e5fc42cd3ad310",
                "versions.yml:md5,db37f8929e298f40e4490d8dd2d70e34"
            ]
        ],
        "meta": {
            "nf-test": "0.9.3",
            "nextflow": "25.10.2"
        },
        "timestamp": "2026-01-16T18:58:20.256344544"
    },
    "Test use_genomicsdb = true": {
        "content": [
            "9b7d476515e07e5486633c42abd86cc",
            "all_samples.genotyped.g.vcf.gz.tbi",
            [
                "versions.yml:md5,5eb8ea08b39699264730bb0091032ae6",
                "versions.yml:md5,db37f8929e298f40e4490d8dd2d70e34"
            ]
        ],
        "meta": {
            "nf-test": "0.9.3",
            "nextflow": "25.10.2"
        },
        "timestamp": "2026-01-16T18:59:17.277698926"
    }
}