{
    "sarscov2 - bam": {
        "content": [
            "test.g.vcf.gz",
            "test.g.vcf.gz.tbi",
            [
                "versions.yml:md5,e939c17149b7d36e6f335f22e8141f65"
            ]
        ],
        "meta": {
            "nf-test": "0.9.3",
            "nextflow": "25.10.2"
        },
        "timestamp": "2026-01-11T18:47:49.804487646"
    }
}