{
    "sarscov2 - bam": {
        "content": [
            "test.bqsr.bam",
            "test.bqsr.bai",
            "test.bqsr.pdf",
            [
                "versions.yml:md5,25d88a5b57586e7724d7701e96b773c8",
                "versions.yml:md5,591b9aaf66ce3ab4b5de8203c81efadd",
                "versions.yml:md5,799fd452e3c81d22e3730d834b14f01f",
                "versions.yml:md5,ede19d400aee0263ba530129bcf2b4fe"
            ]
        ],
        "meta": {
            "nf-test": "0.9.3",
            "nextflow": "25.10.2"
        },
        "timestamp": "2026-01-11T18:42:58.506329231"
    }
}