{
    "fasta.gz - prepare fasta reference": {
        "content": [
            {
                "0": [
                    [
                        {
                            "id": "genome.fa"
                        },
                        "genome.fa:md5,96abec2e5bbf15e88af5c6adbb6fb33e"
                    ]
                ],
                "1": [
                    [
                        {
                            "id": "genome.fa"
                        },
                        "genome.fa.fai:md5,889ed0b342d3854343aebb08cd0a9c6d"
                    ]
                ],
                "2": [
                    [
                        {
                            "id": "genome.fa"
                        },
                        [
                            "genome.amb:md5,4a9a52d98d38ddbaa438b71c68d24446",
                            "genome.ann:md5,b4aaa436f9ea7fdf9dc36d8914912f6c",
                            "genome.bwt:md5,fcc50591c1320abc5f87b6087aed93e7",
                            "genome.pac:md5,2f93530bfcb6be9dd4918b52249e5db2",
                            "genome.sa:md5,a8c6c3224d4e167a3329eb69f065aed9"
                        ]
                    ]
                ],
                "3": [
                    [
                        {
                            "id": "known_indels.vcf"
                        },
                        "/precisecaller/test-datasets/data/Homo_sapiens/Simulations/known_sites/known_indels.vcf.gz"
                    ]
                ],
                "4": [
                    [
                        {
                            "id": "known_indels.vcf.gz"
                        },
                        "/precisecaller/test-datasets/data/Homo_sapiens/Simulations/known_sites/known_indels.vcf.gz.tbi"
                    ]
                ],
                "5": [
                    [
                        {
                            "id": "known_snps.vcf"
                        },
                        "/precisecaller/test-datasets/data/Homo_sapiens/Simulations/known_sites/known_snps.vcf.gz"
                    ]
                ],
                "6": [
                    [
                        {
                            "id": "known_snps.vcf.gz"
                        },
                        "/precisecaller/test-datasets/data/Homo_sapiens/Simulations/known_sites/known_snps.vcf.gz.tbi"
                    ]
                ],
                "7": [
                    "versions.yml:md5,265795dcfabc74e982198a30abb773d5",
                    "versions.yml:md5,6500dc776f23be2846f35446e2e38897",
                    "versions.yml:md5,7303f194674b485c6914e28422822a12",
                    "versions.yml:md5,e2315fc397ebc95e618a8f7fcfb8dc12"
                ],
                "bwa": [
                    [
                        {
                            "id": "genome.fa"
                        },
                        [
                            "genome.amb:md5,4a9a52d98d38ddbaa438b71c68d24446",
                            "genome.ann:md5,b4aaa436f9ea7fdf9dc36d8914912f6c",
                            "genome.bwt:md5,fcc50591c1320abc5f87b6087aed93e7",
                            "genome.pac:md5,2f93530bfcb6be9dd4918b52249e5db2",
                            "genome.sa:md5,a8c6c3224d4e167a3329eb69f065aed9"
                        ]
                    ]
                ],
                "fasta": [
                    [
                        {
                            "id": "genome.fa"
                        },
                        "genome.fa:md5,96abec2e5bbf15e88af5c6adbb6fb33e"
                    ]
                ],
                "fasta_fai": [
                    [
                        {
                            "id": "genome.fa"
                        },
                        "genome.fa.fai:md5,889ed0b342d3854343aebb08cd0a9c6d"
                    ]
                ],
                "known_indels": [
                    [
                        {
                            "id": "known_indels.vcf"
                        },
                        "/precisecaller/test-datasets/data/Homo_sapiens/Simulations/known_sites/known_indels.vcf.gz"
                    ]
                ],
                "known_indels_tbi": [
                    [
                        {
                            "id": "known_indels.vcf.gz"
                        },
                        "/precisecaller/test-datasets/data/Homo_sapiens/Simulations/known_sites/known_indels.vcf.gz.tbi"
                    ]
                ],
                "known_snps": [
                    [
                        {
                            "id": "known_snps.vcf"
                        },
                        "/precisecaller/test-datasets/data/Homo_sapiens/Simulations/known_sites/known_snps.vcf.gz"
                    ]
                ],
                "known_snps_tbi": [
                    [
                        {
                            "id": "known_snps.vcf.gz"
                        },
                        "/precisecaller/test-datasets/data/Homo_sapiens/Simulations/known_sites/known_snps.vcf.gz.tbi"
                    ]
                ],
                "versions": [
                    "versions.yml:md5,265795dcfabc74e982198a30abb773d5",
                    "versions.yml:md5,6500dc776f23be2846f35446e2e38897",
                    "versions.yml:md5,7303f194674b485c6914e28422822a12",
                    "versions.yml:md5,e2315fc397ebc95e618a8f7fcfb8dc12"
                ]
            }
        ],
        "meta": {
            "nf-test": "0.9.3",
            "nextflow": "25.10.2"
        },
        "timestamp": "2026-01-08T01:45:07.181323176"
    },
    "fasta - prepare fasta reference": {
        "content": [
            {
                "0": [
                    [
                        {
                            "id": "genome"
                        },
                        "/precisecaller/test-datasets/references/Homo_sapiens/Gencode/hg38_chr22q12.1/Sequence/WholeGenomeFasta/genome.fa"
                    ]
                ],
                "1": [
                    [
                        {
                            "id": "genome"
                        },
                        "genome.fa.fai:md5,889ed0b342d3854343aebb08cd0a9c6d"
                    ]
                ],
                "2": [
                    [
                        {
                            "id": "genome"
                        },
                        [
                            "genome.amb:md5,4a9a52d98d38ddbaa438b71c68d24446",
                            "genome.ann:md5,b4aaa436f9ea7fdf9dc36d8914912f6c",
                            "genome.bwt:md5,fcc50591c1320abc5f87b6087aed93e7",
                            "genome.pac:md5,2f93530bfcb6be9dd4918b52249e5db2",
                            "genome.sa:md5,a8c6c3224d4e167a3329eb69f065aed9"
                        ]
                    ]
                ],
                "3": [
                    [
                        {
                            "id": "known_indels"
                        },
                        "known_indels.sorted.indexed.vcf.gz:md5,9beb4f71e82a4b28d11d0fb2fddb565c"
                    ]
                ],
                "4": [
                    [
                        {
                            "id": "known_indels"
                        },
                        "known_indels.sorted.indexed.vcf.gz.tbi:md5,80d07d0c926ebb509953b35786c22e05"
                    ]
                ],
                "5": [
                    [
                        {
                            "id": "known_snps"
                        },
                        "known_snps.sorted.indexed.vcf.gz:md5,8046bb11472b030a28d299f551a5fc82"
                    ]
                ],
                "6": [
                    [
                        {
                            "id": "known_snps"
                        },
                        "known_snps.sorted.indexed.vcf.gz.tbi:md5,bbe0b1798d261f629da8568a156928f4"
                    ]
                ],
                "7": [
                    "versions.yml:md5,265795dcfabc74e982198a30abb773d5",
                    "versions.yml:md5,525c119e04d3358dd69f546118f50226",
                    "versions.yml:md5,6500dc776f23be2846f35446e2e38897",
                    "versions.yml:md5,7303f194674b485c6914e28422822a12",
                    "versions.yml:md5,f9fceb37da24162992cea6c8f007bff3"
                ],
                "bwa": [
                    [
                        {
                            "id": "genome"
                        },
                        [
                            "genome.amb:md5,4a9a52d98d38ddbaa438b71c68d24446",
                            "genome.ann:md5,b4aaa436f9ea7fdf9dc36d8914912f6c",
                            "genome.bwt:md5,fcc50591c1320abc5f87b6087aed93e7",
                            "genome.pac:md5,2f93530bfcb6be9dd4918b52249e5db2",
                            "genome.sa:md5,a8c6c3224d4e167a3329eb69f065aed9"
                        ]
                    ]
                ],
                "fasta": [
                    [
                        {
                            "id": "genome"
                        },
                        "/precisecaller/test-datasets/references/Homo_sapiens/Gencode/hg38_chr22q12.1/Sequence/WholeGenomeFasta/genome.fa"
                    ]
                ],
                "fasta_fai": [
                    [
                        {
                            "id": "genome"
                        },
                        "genome.fa.fai:md5,889ed0b342d3854343aebb08cd0a9c6d"
                    ]
                ],
                "known_indels": [
                    [
                        {
                            "id": "known_indels"
                        },
                        "known_indels.sorted.indexed.vcf.gz:md5,9beb4f71e82a4b28d11d0fb2fddb565c"
                    ]
                ],
                "known_indels_tbi": [
                    [
                        {
                            "id": "known_indels"
                        },
                        "known_indels.sorted.indexed.vcf.gz.tbi:md5,80d07d0c926ebb509953b35786c22e05"
                    ]
                ],
                "known_snps": [
                    [
                        {
                            "id": "known_snps"
                        },
                        "known_snps.sorted.indexed.vcf.gz:md5,8046bb11472b030a28d299f551a5fc82"
                    ]
                ],
                "known_snps_tbi": [
                    [
                        {
                            "id": "known_snps"
                        },
                        "known_snps.sorted.indexed.vcf.gz.tbi:md5,bbe0b1798d261f629da8568a156928f4"
                    ]
                ],
                "versions": [
                    "versions.yml:md5,265795dcfabc74e982198a30abb773d5",
                    "versions.yml:md5,525c119e04d3358dd69f546118f50226",
                    "versions.yml:md5,6500dc776f23be2846f35446e2e38897",
                    "versions.yml:md5,7303f194674b485c6914e28422822a12",
                    "versions.yml:md5,f9fceb37da24162992cea6c8f007bff3"
                ]
            }
        ],
        "meta": {
            "nf-test": "0.9.3",
            "nextflow": "25.10.2"
        },
        "timestamp": "2026-01-08T01:44:26.85173791"
    }
}